
# SkypeIt (v###)

SkypeIt takes the hassle out of dialing a long number and
can be extraordinarily helpful when those long phone
numbers have extensions as well.

# Usage

  skypeit [phone# [ext]]
        [--debug]            : Logs extra diagnostic debug info
        [--completion[=zsh]] : Prints completion commands
        [--sampleConfig]     : Prints sample yaml config
        [--version]          : Prints just the version
        [--help]             : Prints this help info

# Examples

  skypeit "(555)555-5555 ext:1234"
  skypeit "some garbage text (555)    555  5555  #1234"
  skypeit "(555)555-5555"              <-- (no extension)
  skypeit "(555)555-5555" --debug      <-- Use --debug to see a verbose log
                                           and diagnoses issues.
  skypeit "(555)555-5555" --completion <-- Get a list of the auto-completion
                                           options stored in ~/.skypeitrc or
                                           your local project's .skypeitrc

